#! FIELDS time d1 basin
 0.020000 0.340782 1
#! FIELDS
#! SET COMMITED TO BASIN 1
